// Jest Snapshot v1, https://goo.gl/fbAQLP

exports[`SubjectTile component Is match snapshot 1`] = `
<WithStyles(ForwardRef(Button))
  className="makeStyles-button-1"
  data-testid="subject-tile-button"
  onClick={[Function]}
  variant="text"
>
  bar
</WithStyles(ForwardRef(Button))>
`;
